*** EVALUATION ***
PROGRAM "C:\Users\peter\Desktop\ECE_FINAL_PROJECT\VendingMachine_x86Assembly\Final_Project\bin\Project.abs"

*********************************************************************************************
TARGET SECTION
---------------------------------------------------------------------------------------------
Processor   : Freescale HC12
Memory Model: SMALL
File Format : ELF\DWARF 2.0
Linker      : SmartLinker V-5.0.40 Build 10203, Jul 23 2010

*********************************************************************************************
FILE SECTION
---------------------------------------------------------------------------------------------
main.asm.o                              Model: SMALL,         Lang: Assembler
lcddisp.c.o                             Model: SMALL,         Lang: ANSI-C
mc9s12e128.c.o                          Model: SMALL,         Lang: ANSI-C
potentiometer.c.o                       Model: SMALL,         Lang: ANSI-C
SendsChr.c.o                            Model: SMALL,         Lang: ANSI-C
begin.asm.o                             Model: SMALL,         Lang: Assembler
Debounce.asm.o                          Model: SMALL,         Lang: Assembler
KEYPAD.asm.o                            Model: SMALL,         Lang: Assembler
MODE_SELECTION.asm.o                    Model: SMALL,         Lang: Assembler
ITEM_SELECT.asm.o                       Model: SMALL,         Lang: Assembler
MAKE_SUGGESTION.asm.o                   Model: SMALL,         Lang: Assembler
COIN_RETRIEVAL.asm.o                    Model: SMALL,         Lang: Assembler
STEPPER_MOTOR_CLOCKWISE.asm.o           Model: SMALL,         Lang: Assembler
STEPPER_MOTOR_CCW.asm.o                 Model: SMALL,         Lang: Assembler
PUSH_BUTTON.asm.o                       Model: SMALL,         Lang: Assembler
LCD_MAIN.asm.o                          Model: SMALL,         Lang: Assembler
USER_DIRECTORY.asm.o                    Model: SMALL,         Lang: Assembler
PURCHASE.asm.o                          Model: SMALL,         Lang: Assembler
LCD_ITEM_SELECT.asm.o                   Model: SMALL,         Lang: Assembler
LCD_Clear.asm.o                         Model: SMALL,         Lang: Assembler
RTI_INT.ASM.o                           Model: SMALL,         Lang: Assembler
LCD_MAIN_COUNTS.asm.o                   Model: SMALL,         Lang: Assembler
LCD_ITEM_SELECT_COUNTS.asm.o            Model: SMALL,         Lang: Assembler
ASCII_CONV.asm.o                        Model: SMALL,         Lang: Assembler
LCD_timeout_counts.asm.o                Model: SMALL,         Lang: Assembler
NO_NEG_ITEMS.asm.o                      Model: SMALL,         Lang: Assembler
LCD_NOT_ENOUGH.asm.o                    Model: SMALL,         Lang: Assembler
NOT_ENOUGH_STOCK.asm.o                  Model: SMALL,         Lang: Assembler
NEGATIVE_STOCK.asm.o                    Model: SMALL,         Lang: Assembler
LCD_OUT_OF_STOCK.asm.o                  Model: SMALL,         Lang: Assembler
LCD_insuff_funds_counter.asm.o          Model: SMALL,         Lang: Assembler
MONEY_CONVERT.asm.o                     Model: SMALL,         Lang: Assembler
LCD_PURCHASE_SUCCESS_COUNTS.asm.o       Model: SMALL,         Lang: Assembler
LCD_PURCHASE_SUCCESS.asm.o              Model: SMALL,         Lang: Assembler
LCD_PUSH_BUTTON.asm.o                   Model: SMALL,         Lang: Assembler
LCD_MAKE_SUGGESTION.asm.o               Model: SMALL,         Lang: Assembler
SPEAKER_SOUNDS.asm.o                    Model: SMALL,         Lang: Assembler
ReadPassword.asm.o                      Model: SMALL,         Lang: Assembler
LCD_MAINT_MODE_CONFIRM.asm.o            Model: SMALL,         Lang: Assembler
LCD_MAINT_MODE_COUNTS.asm.o             Model: SMALL,         Lang: Assembler
PLAY_A_SONG.asm.o                       Model: SMALL,         Lang: Assembler
IRQ_INT.asm.o                           Model: SMALL,         Lang: Assembler
LCD_YOUR_ORIGINAL.asm.o                 Model: SMALL,         Lang: Assembler
LCD_YOUR_NEW_PRICE.asm.o                Model: SMALL,         Lang: Assembler
PAY_WITH_POINTS.asm.o                   Model: SMALL,         Lang: Assembler
PURCHASE_POT.asm.o                      Model: SMALL,         Lang: Assembler
LED_TIMER_CONTROL.asm.o                 Model: SMALL,         Lang: Assembler
RESTOCK_PROCESS.asm.o                   Model: SMALL,         Lang: Assembler
DC_MOTOR.asm.o                          Model: SMALL,         Lang: Assembler
SLEEP_TIMER.asm.o                       Model: SMALL,         Lang: Assembler
LCD_SURPRISE_SALE.asm.o                 Model: SMALL,         Lang: Assembler
SURP_SALE_TIMER.asm.o                   Model: SMALL,         Lang: Assembler
CHANGE_SONG.asm.o                       Model: SMALL,         Lang: Assembler
POT_CALIBRATION.asm.o                   Model: SMALL,         Lang: Assembler

*********************************************************************************************
STARTUP SECTION
---------------------------------------------------------------------------------------------
Entry point: 0xC000 (_Startup)

*********************************************************************************************
SECTION-ALLOCATION SECTION
Section Name                    Size  Type     From       To       Segment
---------------------------------------------------------------------------------------------
.init                            142     R     0xC000     0xC08D   ROM_C000
NON_BANKED                       301     R     0xC08E     0xC1BA   ROM_C000
.stack                           256   R/W      0x400      0x4FF   RAM
.abs_section_8                     1   N/I        0x8        0x8   .absSeg0
.abs_section_9                     1   N/I        0x9        0x9   .absSeg1
.abs_section_a                     1   N/I        0xA        0xA   .absSeg2
.abs_section_b                     1   N/I        0xB        0xB   .absSeg3
.abs_section_c                     1   N/I        0xC        0xC   .absSeg4
.abs_section_d                     1   N/I        0xD        0xD   .absSeg5
.abs_section_e                     1   N/I        0xE        0xE   .absSeg6
.abs_section_10                    1   N/I       0x10       0x10   .absSeg7
.abs_section_11                    1   N/I       0x11       0x11   .absSeg8
.abs_section_13                    1   N/I       0x13       0x13   .absSeg9
.abs_section_15                    1   N/I       0x15       0x15   .absSeg10
.abs_section_16                    1   N/I       0x16       0x16   .absSeg11
.abs_section_19                    1   N/I       0x19       0x19   .absSeg12
.abs_section_1c                    1   N/I       0x1C       0x1C   .absSeg13
.abs_section_1d                    1   N/I       0x1D       0x1D   .absSeg14
.abs_section_1e                    1   N/I       0x1E       0x1E   .absSeg15
.abs_section_1f                    1   N/I       0x1F       0x1F   .absSeg16
.abs_section_20                    1   N/I       0x20       0x20   .absSeg17
.abs_section_21                    1   N/I       0x21       0x21   .absSeg18
.abs_section_24                    1   N/I       0x24       0x24   .absSeg19
.abs_section_25                    1   N/I       0x25       0x25   .absSeg20
.abs_section_28                    1   N/I       0x28       0x28   .absSeg21
.abs_section_29                    1   N/I       0x29       0x29   .absSeg22
.abs_section_2a                    1   N/I       0x2A       0x2A   .absSeg23
.abs_section_2d                    1   N/I       0x2D       0x2D   .absSeg24
.abs_section_30                    1   N/I       0x30       0x30   .absSeg25
.abs_section_32                    1   N/I       0x32       0x32   .absSeg26
.abs_section_33                    1   N/I       0x33       0x33   .absSeg27
.abs_section_34                    1   N/I       0x34       0x34   .absSeg28
.abs_section_35                    1   N/I       0x35       0x35   .absSeg29
.abs_section_37                    1   N/I       0x37       0x37   .absSeg30
.abs_section_38                    1   N/I       0x38       0x38   .absSeg31
.abs_section_39                    1   N/I       0x39       0x39   .absSeg32
.abs_section_3a                    1   N/I       0x3A       0x3A   .absSeg33
.abs_section_3b                    1   N/I       0x3B       0x3B   .absSeg34
.abs_section_3c                    1   N/I       0x3C       0x3C   .absSeg35
.abs_section_3f                    1   N/I       0x3F       0x3F   .absSeg36
.abs_section_40                    1   N/I       0x40       0x40   .absSeg37
.abs_section_41                    1   N/I       0x41       0x41   .absSeg38
.abs_section_42                    1   N/I       0x42       0x42   .absSeg39
.abs_section_43                    1   N/I       0x43       0x43   .absSeg40
.abs_section_46                    1   N/I       0x46       0x46   .absSeg41
.abs_section_47                    1   N/I       0x47       0x47   .absSeg42
.abs_section_48                    1   N/I       0x48       0x48   .absSeg43
.abs_section_4a                    1   N/I       0x4A       0x4A   .absSeg44
.abs_section_4c                    1   N/I       0x4C       0x4C   .absSeg45
.abs_section_4d                    1   N/I       0x4D       0x4D   .absSeg46
.abs_section_4e                    1   N/I       0x4E       0x4E   .absSeg47
.abs_section_4f                    1   N/I       0x4F       0x4F   .absSeg48
.abs_section_60                    1   N/I       0x60       0x60   .absSeg49
.abs_section_61                    1   N/I       0x61       0x61   .absSeg50
.abs_section_86                    1   N/I       0x86       0x86   .absSeg51
.abs_section_89                    1   N/I       0x89       0x89   .absSeg52
.abs_section_8a                    1   N/I       0x8A       0x8A   .absSeg53
.abs_section_8b                    1   N/I       0x8B       0x8B   .absSeg54
.abs_section_8e                    1   N/I       0x8E       0x8E   .absSeg55
.abs_section_8f                    1   N/I       0x8F       0x8F   .absSeg56
.abs_section_ca                    1   N/I       0xCA       0xCA   .absSeg57
.abs_section_cb                    1   N/I       0xCB       0xCB   .absSeg58
.abs_section_cc                    1   N/I       0xCC       0xCC   .absSeg59
.abs_section_cd                    1   N/I       0xCD       0xCD   .absSeg60
.abs_section_ce                    1   N/I       0xCE       0xCE   .absSeg61
.abs_section_cf                    1   N/I       0xCF       0xCF   .absSeg62
.abs_section_d2                    1   N/I       0xD2       0xD2   .absSeg63
.abs_section_d3                    1   N/I       0xD3       0xD3   .absSeg64
.abs_section_d4                    1   N/I       0xD4       0xD4   .absSeg65
.abs_section_d5                    1   N/I       0xD5       0xD5   .absSeg66
.abs_section_d6                    1   N/I       0xD6       0xD6   .absSeg67
.abs_section_d7                    1   N/I       0xD7       0xD7   .absSeg68
.abs_section_d8                    1   N/I       0xD8       0xD8   .absSeg69
.abs_section_d9                    1   N/I       0xD9       0xD9   .absSeg70
.abs_section_da                    1   N/I       0xDA       0xDA   .absSeg71
.abs_section_db                    1   N/I       0xDB       0xDB   .absSeg72
.abs_section_dd                    1   N/I       0xDD       0xDD   .absSeg73
.abs_section_e0                    1   N/I       0xE0       0xE0   .absSeg74
.abs_section_e1                    1   N/I       0xE1       0xE1   .absSeg75
.abs_section_e2                    1   N/I       0xE2       0xE2   .absSeg76
.abs_section_e3                    1   N/I       0xE3       0xE3   .absSeg77
.abs_section_e4                    1   N/I       0xE4       0xE4   .absSeg78
.abs_section_ea                    1   N/I       0xEA       0xEA   .absSeg79
.abs_section_eb                    1   N/I       0xEB       0xEB   .absSeg80
.abs_section_ec                    1   N/I       0xEC       0xEC   .absSeg81
.abs_section_ed                    1   N/I       0xED       0xED   .absSeg82
.abs_section_ee                    1   N/I       0xEE       0xEE   .absSeg83
.abs_section_ef                    1   N/I       0xEF       0xEF   .absSeg84
.abs_section_f0                    1   N/I       0xF0       0xF0   .absSeg85
.abs_section_f2                    1   N/I       0xF2       0xF2   .absSeg86
.abs_section_f3                    1   N/I       0xF3       0xF3   .absSeg87
.abs_section_f4                    1   N/I       0xF4       0xF4   .absSeg88
.abs_section_f6                    1   N/I       0xF6       0xF6   .absSeg89
.abs_section_f7                    1   N/I       0xF7       0xF7   .absSeg90
.abs_section_100                   1   N/I      0x100      0x100   .absSeg91
.abs_section_101                   1   N/I      0x101      0x101   .absSeg92
.abs_section_103                   1   N/I      0x103      0x103   .absSeg93
.abs_section_104                   1   N/I      0x104      0x104   .absSeg94
.abs_section_105                   1   N/I      0x105      0x105   .absSeg95
.abs_section_106                   1   N/I      0x106      0x106   .absSeg96
.abs_section_140                   1   N/I      0x140      0x140   .absSeg97
.abs_section_141                   1   N/I      0x141      0x141   .absSeg98
.abs_section_142                   1   N/I      0x142      0x142   .absSeg99
.abs_section_143                   1   N/I      0x143      0x143   .absSeg100
.abs_section_146                   1   N/I      0x146      0x146   .absSeg101
.abs_section_147                   1   N/I      0x147      0x147   .absSeg102
.abs_section_148                   1   N/I      0x148      0x148   .absSeg103
.abs_section_14a                   1   N/I      0x14A      0x14A   .absSeg104
.abs_section_14c                   1   N/I      0x14C      0x14C   .absSeg105
.abs_section_14d                   1   N/I      0x14D      0x14D   .absSeg106
.abs_section_14e                   1   N/I      0x14E      0x14E   .absSeg107
.abs_section_14f                   1   N/I      0x14F      0x14F   .absSeg108
.abs_section_160                   1   N/I      0x160      0x160   .absSeg109
.abs_section_161                   1   N/I      0x161      0x161   .absSeg110
.abs_section_180                   1   N/I      0x180      0x180   .absSeg111
.abs_section_181                   1   N/I      0x181      0x181   .absSeg112
.abs_section_182                   1   N/I      0x182      0x182   .absSeg113
.abs_section_183                   1   N/I      0x183      0x183   .absSeg114
.abs_section_186                   1   N/I      0x186      0x186   .absSeg115
.abs_section_187                   1   N/I      0x187      0x187   .absSeg116
.abs_section_188                   1   N/I      0x188      0x188   .absSeg117
.abs_section_18a                   1   N/I      0x18A      0x18A   .absSeg118
.abs_section_18c                   1   N/I      0x18C      0x18C   .absSeg119
.abs_section_18d                   1   N/I      0x18D      0x18D   .absSeg120
.abs_section_18e                   1   N/I      0x18E      0x18E   .absSeg121
.abs_section_18f                   1   N/I      0x18F      0x18F   .absSeg122
.abs_section_1a0                   1   N/I      0x1A0      0x1A0   .absSeg123
.abs_section_1a1                   1   N/I      0x1A1      0x1A1   .absSeg124
.abs_section_1e0                   1   N/I      0x1E0      0x1E0   .absSeg125
.abs_section_1e1                   1   N/I      0x1E1      0x1E1   .absSeg126
.abs_section_1e2                   1   N/I      0x1E2      0x1E2   .absSeg127
.abs_section_1e3                   1   N/I      0x1E3      0x1E3   .absSeg128
.abs_section_1e4                   1   N/I      0x1E4      0x1E4   .absSeg129
.abs_section_1e5                   1   N/I      0x1E5      0x1E5   .absSeg130
.abs_section_1e8                   1   N/I      0x1E8      0x1E8   .absSeg131
.abs_section_1e9                   1   N/I      0x1E9      0x1E9   .absSeg132
.abs_section_1fe                   1   N/I      0x1FE      0x1FE   .absSeg133
.abs_section_200                   1   N/I      0x200      0x200   .absSeg134
.abs_section_201                   1   N/I      0x201      0x201   .absSeg135
.abs_section_202                   1   N/I      0x202      0x202   .absSeg136
.abs_section_203                   1   N/I      0x203      0x203   .absSeg137
.abs_section_204                   1   N/I      0x204      0x204   .absSeg138
.abs_section_205                   1   N/I      0x205      0x205   .absSeg139
.abs_section_206                   1   N/I      0x206      0x206   .absSeg140
.abs_section_207                   1   N/I      0x207      0x207   .absSeg141
.abs_section_208                   1   N/I      0x208      0x208   .absSeg142
.abs_section_209                   1   N/I      0x209      0x209   .absSeg143
.abs_section_20a                   1   N/I      0x20A      0x20A   .absSeg144
.abs_section_20c                   1   N/I      0x20C      0x20C   .absSeg145
.abs_section_20d                   1   N/I      0x20D      0x20D   .absSeg146
.abs_section_20e                   1   N/I      0x20E      0x20E   .absSeg147
.abs_section_20f                   1   N/I      0x20F      0x20F   .absSeg148
.abs_section_220                   1   N/I      0x220      0x220   .absSeg149
.abs_section_221                   1   N/I      0x221      0x221   .absSeg150
.abs_section_228                   1   N/I      0x228      0x228   .absSeg151
.abs_section_229                   1   N/I      0x229      0x229   .absSeg152
.abs_section_230                   1   N/I      0x230      0x230   .absSeg153
.abs_section_231                   1   N/I      0x231      0x231   .absSeg154
.abs_section_240                   1   N/I      0x240      0x240   .absSeg155
.abs_section_241                   1   N/I      0x241      0x241   .absSeg156
.abs_section_242                   1   N/I      0x242      0x242   .absSeg157
.abs_section_243                   1   N/I      0x243      0x243   .absSeg158
.abs_section_244                   1   N/I      0x244      0x244   .absSeg159
.abs_section_245                   1   N/I      0x245      0x245   .absSeg160
.abs_section_248                   1   N/I      0x248      0x248   .absSeg161
.abs_section_249                   1   N/I      0x249      0x249   .absSeg162
.abs_section_24a                   1   N/I      0x24A      0x24A   .absSeg163
.abs_section_24b                   1   N/I      0x24B      0x24B   .absSeg164
.abs_section_24c                   1   N/I      0x24C      0x24C   .absSeg165
.abs_section_24d                   1   N/I      0x24D      0x24D   .absSeg166
.abs_section_24e                   1   N/I      0x24E      0x24E   .absSeg167
.abs_section_250                   1   N/I      0x250      0x250   .absSeg168
.abs_section_251                   1   N/I      0x251      0x251   .absSeg169
.abs_section_252                   1   N/I      0x252      0x252   .absSeg170
.abs_section_253                   1   N/I      0x253      0x253   .absSeg171
.abs_section_254                   1   N/I      0x254      0x254   .absSeg172
.abs_section_255                   1   N/I      0x255      0x255   .absSeg173
.abs_section_256                   1   N/I      0x256      0x256   .absSeg174
.abs_section_258                   1   N/I      0x258      0x258   .absSeg175
.abs_section_259                   1   N/I      0x259      0x259   .absSeg176
.abs_section_25a                   1   N/I      0x25A      0x25A   .absSeg177
.abs_section_25b                   1   N/I      0x25B      0x25B   .absSeg178
.abs_section_25c                   1   N/I      0x25C      0x25C   .absSeg179
.abs_section_25d                   1   N/I      0x25D      0x25D   .absSeg180
.abs_section_260                   1   N/I      0x260      0x260   .absSeg181
.abs_section_261                   1   N/I      0x261      0x261   .absSeg182
.abs_section_262                   1   N/I      0x262      0x262   .absSeg183
.abs_section_263                   1   N/I      0x263      0x263   .absSeg184
.abs_section_264                   1   N/I      0x264      0x264   .absSeg185
.abs_section_265                   1   N/I      0x265      0x265   .absSeg186
.abs_section_268                   1   N/I      0x268      0x268   .absSeg187
.abs_section_269                   1   N/I      0x269      0x269   .absSeg188
.abs_section_26a                   1   N/I      0x26A      0x26A   .absSeg189
.abs_section_26b                   1   N/I      0x26B      0x26B   .absSeg190
.abs_section_26c                   1   N/I      0x26C      0x26C   .absSeg191
.abs_section_26d                   1   N/I      0x26D      0x26D   .absSeg192
.abs_section_26e                   1   N/I      0x26E      0x26E   .absSeg193
.abs_section_0                     2   N/I        0x0        0x1   .absSeg194
.abs_section_2                     2   N/I        0x2        0x3   .absSeg195
.abs_section_1a                    2   N/I       0x1A       0x1B   .absSeg196
.abs_section_22                    2   N/I       0x22       0x23   .absSeg197
.abs_section_26                    2   N/I       0x26       0x27   .absSeg198
.abs_section_2b                    2   N/I       0x2B       0x2C   .absSeg199
.abs_section_2e                    2   N/I       0x2E       0x2F   .absSeg200
.abs_section_44                    2   N/I       0x44       0x45   .absSeg201
.abs_section_58                    2   N/I       0x58       0x59   .absSeg202
.abs_section_5a                    2   N/I       0x5A       0x5B   .absSeg203
.abs_section_5c                    2   N/I       0x5C       0x5D   .absSeg204
.abs_section_5e                    2   N/I       0x5E       0x5F   .absSeg205
.abs_section_62                    2   N/I       0x62       0x63   .absSeg206
.abs_section_82                    2   N/I       0x82       0x83   .absSeg207
.abs_section_84                    2   N/I       0x84       0x85   .absSeg208
.abs_section_8c                    2   N/I       0x8C       0x8D   .absSeg209
.abs_section_90                    2   N/I       0x90       0x91   .absSeg210
.abs_section_92                    2   N/I       0x92       0x93   .absSeg211
.abs_section_94                    2   N/I       0x94       0x95   .absSeg212
.abs_section_96                    2   N/I       0x96       0x97   .absSeg213
.abs_section_98                    2   N/I       0x98       0x99   .absSeg214
.abs_section_9a                    2   N/I       0x9A       0x9B   .absSeg215
.abs_section_9c                    2   N/I       0x9C       0x9D   .absSeg216
.abs_section_9e                    2   N/I       0x9E       0x9F   .absSeg217
.abs_section_a0                    2   N/I       0xA0       0xA1   .absSeg218
.abs_section_a2                    2   N/I       0xA2       0xA3   .absSeg219
.abs_section_a4                    2   N/I       0xA4       0xA5   .absSeg220
.abs_section_a6                    2   N/I       0xA6       0xA7   .absSeg221
.abs_section_a8                    2   N/I       0xA8       0xA9   .absSeg222
.abs_section_aa                    2   N/I       0xAA       0xAB   .absSeg223
.abs_section_ac                    2   N/I       0xAC       0xAD   .absSeg224
.abs_section_ae                    2   N/I       0xAE       0xAF   .absSeg225
.abs_section_c8                    2   N/I       0xC8       0xC9   .absSeg226
.abs_section_d0                    2   N/I       0xD0       0xD1   .absSeg227
.abs_section_e8                    2   N/I       0xE8       0xE9   .absSeg228
.abs_section_144                   2   N/I      0x144      0x145   .absSeg229
.abs_section_158                   2   N/I      0x158      0x159   .absSeg230
.abs_section_15a                   2   N/I      0x15A      0x15B   .absSeg231
.abs_section_15c                   2   N/I      0x15C      0x15D   .absSeg232
.abs_section_15e                   2   N/I      0x15E      0x15F   .absSeg233
.abs_section_162                   2   N/I      0x162      0x163   .absSeg234
.abs_section_184                   2   N/I      0x184      0x185   .absSeg235
.abs_section_198                   2   N/I      0x198      0x199   .absSeg236
.abs_section_19a                   2   N/I      0x19A      0x19B   .absSeg237
.abs_section_19c                   2   N/I      0x19C      0x19D   .absSeg238
.abs_section_19e                   2   N/I      0x19E      0x19F   .absSeg239
.abs_section_1a2                   2   N/I      0x1A2      0x1A3   .absSeg240
.abs_section_1ec                   2   N/I      0x1EC      0x1ED   .absSeg241
.abs_section_1ee                   2   N/I      0x1EE      0x1EF   .absSeg242
.abs_section_1f0                   2   N/I      0x1F0      0x1F1   .absSeg243
.abs_section_1f2                   2   N/I      0x1F2      0x1F3   .absSeg244
.abs_section_1f4                   2   N/I      0x1F4      0x1F5   .absSeg245
.abs_section_1f6                   2   N/I      0x1F6      0x1F7   .absSeg246
.abs_section_1f8                   2   N/I      0x1F8      0x1F9   .absSeg247
.abs_section_1fa                   2   N/I      0x1FA      0x1FB   .absSeg248
.abs_section_1fc                   2   N/I      0x1FC      0x1FD   .absSeg249
.abs_section_210                   2   N/I      0x210      0x211   .absSeg250
.abs_section_212                   2   N/I      0x212      0x213   .absSeg251
.abs_section_214                   2   N/I      0x214      0x215   .absSeg252
.abs_section_216                   2   N/I      0x216      0x217   .absSeg253
.abs_section_218                   2   N/I      0x218      0x219   .absSeg254
.abs_section_21a                   2   N/I      0x21A      0x21B   .absSeg255
.abs_section_222                   2   N/I      0x222      0x223   .absSeg256
.abs_section_224                   2   N/I      0x224      0x225   .absSeg257
.abs_section_226                   2   N/I      0x226      0x227   .absSeg258
.abs_section_22a                   2   N/I      0x22A      0x22B   .absSeg259
.abs_section_22c                   2   N/I      0x22C      0x22D   .absSeg260
.abs_section_22e                   2   N/I      0x22E      0x22F   .absSeg261
.abs_section_232                   2   N/I      0x232      0x233   .absSeg262
.abs_section_234                   2   N/I      0x234      0x235   .absSeg263
.abs_section_236                   2   N/I      0x236      0x237   .absSeg264
.abs_section_270                   2   N/I      0x270      0x271   .absSeg265
.abs_section_272                   2   N/I      0x272      0x273   .absSeg266
.abs_section_274                   2   N/I      0x274      0x275   .absSeg267
.abs_section_276                   2   N/I      0x276      0x277   .absSeg268
.abs_section_278                   2   N/I      0x278      0x279   .absSeg269
.abs_section_27a                   2   N/I      0x27A      0x27B   .absSeg270
.abs_section_27c                   2   N/I      0x27C      0x27D   .absSeg271
.abs_section_27e                   2   N/I      0x27E      0x27F   .absSeg272
.bss                               6   R/W      0x500      0x505   RAM
TEXT                             307     R     0xC1BB     0xC2ED   ROM_C000
Peripheral_Control                 6     R     0xC2EE     0xC2F3   ROM_C000
Local_strings                     33     R     0xC2F4     0xC314   ROM_C000
Variables                          2   R/W      0x506      0x507   RAM
MyFlags                           69   R/W      0x508      0x54C   RAM
Globe                             31   R/W      0x54D      0x56B   RAM
Stepper                            6   R/W      0x56C      0x571   RAM
MakeSuggestions                   38   R/W      0x572      0x597   RAM
PASSWORD                          31   R/W      0x598      0x5B6   RAM
CONVERSION_HANDLING                8   R/W      0x5B7      0x5BE   RAM
walkaFlockaFlame                  10   R/W      0x5BF      0x5C8   RAM
almostDONE                         5   R/W      0x5C9      0x5CD   RAM
POT_REFS                           5   R/W      0x5CE      0x5D2   RAM
POT_STORAGE                        2   R/W      0x5D3      0x5D4   RAM
LED_NEEDS                          4   R/W      0x5D5      0x5D8   RAM
SLEEP_TIMER                        4   R/W      0x5D9      0x5DC   RAM
.common                            2   R/W      0x5DD      0x5DE   RAM
begin.asm._SEC000000             501     R     0xC315     0xC509   ROM_C000
Debounce.asm._SEC000000            9     R     0xC50A     0xC512   ROM_C000
ROM                               75     R     0xC513     0xC55D   ROM_C000
RAM                                1   R/W      0x5DF      0x5DF   RAM
MODE_SELECTION.asm._SEC000000         81     R     0xC55E     0xC5AE   ROM_C000
ITEM_SELECT.asm._SEC000000        161     R     0xC5AF     0xC64F   ROM_C000
local_variables                  308     R     0xC650     0xC783   ROM_C000
COIN_RETRIEVAL.asm._SEC000000        258     R     0xC784     0xC885   ROM_C000
STEPPER_MOTOR_CLOCKWISE.asm._SEC000000         86     R     0xC886     0xC8DB   ROM_C000
STEPPER_MOTOR_CCW.asm._SEC000000         69     R     0xC8DC     0xC920   ROM_C000
PUSH_BUTTON.asm._SEC000000         91     R     0xC921     0xC97B   ROM_C000
Local_values                     149     R     0xC97C     0xCA10   ROM_C000
Local_storage                     34   R/W      0x5E0      0x601   RAM
USER_DIRECTORY.asm._SEC000000        165     R     0xCA11     0xCAB5   ROM_C000
Local_variables                 2976     R     0xCAB6     0xD655   ROM_C000
Local_Constants                  341     R     0xD656     0xD7AA   ROM_C000
Locals                           124     R     0xD7AB     0xD826   ROM_C000
RTI_INT.ASM._SEC000000            45     R     0xD827     0xD853   ROM_C000
LCD_MAIN_COUNTS.asm._SEC000000         48     R     0xD854     0xD883   ROM_C000
LCD_ITEM_SELECT_COUNTS.asm._SEC000000         47     R     0xD884     0xD8B2   ROM_C000
ASCII_CONV.asm._SEC000000         25     R     0xD8B3     0xD8CB   ROM_C000
LCD_timeout_counts.asm._SEC000000         34     R     0xD8CC     0xD8ED   ROM_C000
NOT_ENOUGH_STOCK.asm._SEC000000         40     R     0xD8EE     0xD915   ROM_C000
NEGATIVE_STOCK.asm._SEC000000         40     R     0xD916     0xD93D   ROM_C000
Local_constants                   60     R     0xD93E     0xD979   ROM_C000
LCD_insuff_funds_counter.asm._SEC000000         47     R     0xD97A     0xD9A8   ROM_C000
MONEY_CONVERT.asm._SEC000000         82     R     0xD9A9     0xD9FA   ROM_C000
LCD_PURCHASE_SUCCESS_COUNTS.asm._SEC000000         55     R     0xD9FB     0xDA31   ROM_C000
LOCAL_VARIABLE                   875     R     0xDA32     0xDD9C   ROM_C000
SPEAKER_SOUNDS.asm._SEC000000         54     R     0xDD9D     0xDDD2   ROM_C000
LCD_MAINT_MODE_COUNTS.asm._SEC000000        121     R     0xDDD3     0xDE4B   ROM_C000
LOCAL_VARIABLES                 1702     R     0xDE4C     0xE4F1   ROM_C000
PAY_WITH_POINTS.asm._SEC000000         66     R     0xE4F2     0xE533   ROM_C000
PURCHASE_POT.asm._SEC000000         33     R     0xE534     0xE554   ROM_C000
DC_MOTOR.asm._SEC000000          119     R     0xE555     0xE5CB   ROM_C000
SLEEP_TIMER.asm._SEC000000         68     R     0xE5CC     0xE60F   ROM_C000
SURP_SALE_TIMER.asm._SEC000000         61     R     0xE610     0xE64C   ROM_C000
LOCAL_VARIABALES                 224     R     0xE64D     0xE72C   ROM_C000
.vectSeg273_vect                   4     R     0xFFF0     0xFFF3   .vectSeg273
.vectSeg274_vect                   2     R     0xFFFE     0xFFFF   .vectSeg274

Summary of section sizes per section type:
READ_ONLY (R):        2733 (dec:    10035)
READ_WRITE (R/W):      202 (dec:      514)
NO_INIT (N/I):         160 (dec:      352)

*********************************************************************************************
VECTOR-ALLOCATION SECTION
    Address     InitValue   InitFunction
---------------------------------------------------------------------------------------------
     0xFFF0        0xD827   RTI_INT
     0xFFF2        0xD29B   IRQ_INT
     0xFFFE        0xC000   _Startup

*********************************************************************************************
OBJECT-ALLOCATION SECTION
     Name               Module                 Addr   hSize   dSize     Ref    Section   RLIB
---------------------------------------------------------------------------------------------
MODULE:                 -- main.asm.o --
- PROCEDURES:
     Entry                                     C000       9       9       0   .init       
     _Startup                                  C000       0       0       0   .init       
     Body                                      C009      1C      28       0   .init       
     MAINT_MODE_CONFIRMATION                   C025      1C      28       0   .init       
     SKIP_PASS                                 C041      19      25       0   .init       
     CONTINUE                                  C05A       5       5       0   .init       
     CHECK_SLEEP                               C05F      12      18       1   .init       
     HOLD_GOOD_NIGHT                           C071       D      13       0   .init       
     SLEEP_LOOP                                C07E       F      15       0   .init       
     GET_OUT                                   C08D       1       1       0   .init       
- VARIABLES:
     Purchase_price                             506       1       1       6   Variables   
     Purchase_memPrice                          507       1       1       4   Variables   
     Button_flag                                508       1       1       6   MyFlags     
     mode_flag                                  509       1       1      16   MyFlags     
     membershipFlag                             50A       1       1      13   MyFlags     
     Surprise_sale                              50B       1       1       1   MyFlags     
     FLAG_LCD_Main                              50C       1       1      10   MyFlags     
     FLAG_LCD_ITEM_SELECT                       50D       1       1      10   MyFlags     
     FLAG_LCD_USE_POINTS                        50E       1       1       1   MyFlags     
     FLAG_LCD_Member_Price                      50F       1       1       1   MyFlags     
     FLAG_LCD_FinalNoPts                        510       1       1       3   MyFlags     
     FLAG_LCD_InsuffFunds                       511       1       1       2   MyFlags     
     FLAG_LCD_PurchCancel                       512       1       1       1   MyFlags     
     FLAG_LCD_TIMEOUT                           513       1       1     100   MyFlags     
     FLAG_LCD_PurchSuccess                      514       1       1       6   MyFlags     
     FLAG_LCD_Maint                             515       1       1      10   MyFlags     
     MAINT_SCREEN_HAS_RUN                       516       1       1       2   MyFlags     
     LCD_rotate_counter                         517       2       2      21   MyFlags     
     LCD_output_index                           519       1       1      16   MyFlags     
     LCD_item_select_output_counter             51A       1       1       8   MyFlags     
     LCD_timeout_counter                        51B       2       2       5   MyFlags     
     LCD_insuff_funds_counter                   51D       2       2       1   MyFlags     
     LCD_insuff_output_index                    51F       1       1       4   MyFlags     
     LCD_purch_output_index                     520       1       1       6   MyFlags     
     LCD_purch_animation_index                  521       1       1       0   MyFlags     
     LCD_animation_offset                       522       1       1       0   MyFlags     
     LCD_purch_output_max                       523       1       1       3   MyFlags     
     LCD_maint_index                            524       1       1      12   MyFlags     
     LCD_empty_string                           525      20      32      23   MyFlags     
     Stepper_motor_flag_clockwise               545       1       1       8   MyFlags     
     Stepper_motor_flag_ccw                     546       1       1       7   MyFlags     
     PLAY_FLAG                                  547       1       1       9   MyFlags     
     SPEAKER_INDEX                              548       1       1      14   MyFlags     
     SPEAKER_TIMER                              549       2       2       6   MyFlags     
     NOTE_INDEX                                 54B       1       1      23   MyFlags     
     SONG_INDEX                                 54C       1       1       9   MyFlags     
     Key                                        54D       1       1      27   Globe       
     itemArrIndex                               54E       2       2      12   Globe       
     itemQuantity                               550       1       1      14   Globe       
     itemNameArr                                551      10      16       8   Globe       
     itemCountArr                               561       8       8      16   Globe       
     vendorBank                                 569       1       1       8   Globe       
     userBank                                   56A       1       1      25   Globe       
     userPoints                                 56B       1       1       1   Globe       
     disp1                                     C1BB       C      12       0   TEXT        
     disp2                                     C1C7      11      17       0   TEXT        
     disp3                                     C1D8      16      22       0   TEXT        
     item1                                     C1EE      20      32       1   TEXT        
     item2                                     C20E      20      32       1   TEXT        
     item3                                     C22E      20      32       1   TEXT        
     item4                                     C24E      20      32       1   TEXT        
     item5                                     C26E      20      32       1   TEXT        
     item6                                     C28E      20      32       1   TEXT        
     item7                                     C2AE      20      32       1   TEXT        
     item8                                     C2CE      20      32       1   TEXT        
     Stepper_motor_counter                      56C       1       1       7   Stepper     
     Stepper_motor_index_clockwise              56D       1       1       5   Stepper     
     Stepper_motor_index_ccw                    56E       1       1       5   Stepper     
     Button_counter                             56F       2       2       1   Stepper     
     Motor_meta_counter                         571       1       1       7   Stepper     
     Stepper_motor_array                       C2EE       6       6       2   Peripheral_Control
     tempNameArr                                572      10      16       2   MakeSuggestions
     tempCountArr                               582       8       8       2   MakeSuggestions
     tempIndex                                  58A       1       1       0   MakeSuggestions
     value                                      58B       1       1       8   MakeSuggestions
     tempCountIndex                             58C       1       1       9   MakeSuggestions
     currCountIndex                             58D       1       1       5   MakeSuggestions
     tempNameIndex                              58E       1       1       3   MakeSuggestions
     currNameIndex                              58F       1       1       3   MakeSuggestions
     suggestionArr                              590       8       8       4   MakeSuggestions
     Flag_maint_pass                            598       1       1      10   PASSWORD    
     memPointsArr                               599       5       5       6   PASSWORD    
     masterPass                                 59E       4       4      17   PASSWORD    
     maintPass                                  5A2       4       4       2   PASSWORD    
     memPass1                                   5A6       4       4       2   PASSWORD    
     memPass2                                   5AA       4       4       2   PASSWORD    
     memPass3                                   5AE       4       4       2   PASSWORD    
     memPass4                                   5B2       4       4       2   PASSWORD    
     Password_index                             5B6       1       1      16   PASSWORD    
     ASCII_RESULT                               5B7       2       2       9   CONVERSION_HANDLING
     MONEY_RESULT                               5B9       6       6      12   CONVERSION_HANDLING
     FLAG_DC_MOTOR                              5BF       1       1       5   walkaFlockaFlame
     DC_COUNTER                                 5C0       1       1       6   walkaFlockaFlame
     DC_Run_Time                                5C1       2       2       6   walkaFlockaFlame
     DC_Run_Time_MAX                            5C3       2       2       3   walkaFlockaFlame
     DC_30_On                                   5C5       1       1       2   walkaFlockaFlame
     DC_30_Off                                  5C6       1       1       2   walkaFlockaFlame
     DC_100_On                                  5C7       1       1       2   walkaFlockaFlame
     DC_100_Off                                 5C8       1       1       2   walkaFlockaFlame
     SURP_SALE_SECOND                           5C9       2       2       5   almostDONE  
     SURP_SALE_MINUTE                           5CB       1       1       4   almostDONE  
     FLAG_SURP_SALE                             5CC       1       1       9   almostDONE  
     Surp_screen                                5CD       1       1       6   almostDONE  
     POT_MAX                                    5CE       2       2       3   POT_REFS    
     POT_MIN                                    5D0       2       2       2   POT_REFS    
     POT_LED                                    5D2       1       1       4   POT_REFS    
     ITEM_TO_RESTOCK                            5D3       1       1       6   POT_STORAGE 
     POT_INCREMENT                              5D4       1       1       2   POT_STORAGE 
     LED_INDEX                                  5D5       1       1       5   LED_NEEDS   
     LED_COUNTER                                5D6       2       2       7   LED_NEEDS   
     EE_HAS_BEEN                                5D8       1       1       6   LED_NEEDS   
     SLEEP_INNER_COUNTER                        5D9       2       2       5   SLEEP_TIMER 
     SLEEP_OUTER_COUNTER                        5DB       1       1       4   SLEEP_TIMER 
     SLEEP_FLAG                                 5DC       1       1       6   SLEEP_TIMER 
     Good_night                                C2F4      21      33       1   Local_strings
- LABELS:
     __SEG_END_SSTACK                           500       0       0       1               
MODULE:                 -- lcddisp.c.o --
- PROCEDURES:
     delay_ms                                  C08E      17      23       5   NON_BANKED  
     init_LCD                                  C0A5      52      82       1   NON_BANKED  
     display_string                            C0F7      38      56      72   NON_BANKED  
     Delay                                     C12F      1F      31       1   NON_BANKED  
     epulse                                    C14E      24      36       3   NON_BANKED  
     sendCommand                               C172       F      15       7   NON_BANKED  
- VARIABLES:
     data                                       500       2       2       4   .bss        
MODULE:                 -- mc9s12e128.c.o --
- PROCEDURES:
- VARIABLES:
     _PORTE                                       8       1       1       0   .abs_section_8
     _DDRE                                        9       1       1       0   .abs_section_9
     _PEAR                                        A       1       1       0   .abs_section_a
     _MODE                                        B       1       1       0   .abs_section_b
     _PUCR                                        C       1       1       0   .abs_section_c
     _RDRIV                                       D       1       1       0   .abs_section_d
     _EBICTL                                      E       1       1       0   .abs_section_e
     _INITRM                                     10       1       1       0   .abs_section_10
     _INITRG                                     11       1       1       0   .abs_section_11
     _MISC                                       13       1       1       0   .abs_section_13
     _ITCR                                       15       1       1       0   .abs_section_15
     _ITEST                                      16       1       1       0   .abs_section_16
     _VREGCTRL                                   19       1       1       0   .abs_section_19
     _MEMSIZ0                                    1C       1       1       0   .abs_section_1c
     _MEMSIZ1                                    1D       1       1       0   .abs_section_1d
     _INTCR                                      1E       1       1       0   .abs_section_1e
     _HPRIO                                      1F       1       1       0   .abs_section_1f
     _DBGC1                                      20       1       1       0   .abs_section_20
     _DBGSC                                      21       1       1       0   .abs_section_21
     _DBGCNT                                     24       1       1       0   .abs_section_24
     _DBGCCX                                     25       1       1       0   .abs_section_25
     _DBGC2                                      28       1       1       0   .abs_section_28
     _DBGC3                                      29       1       1       0   .abs_section_29
     _DBGCAX                                     2A       1       1       0   .abs_section_2a
     _DBGCBX                                     2D       1       1       0   .abs_section_2d
     _PPAGE                                      30       1       1       0   .abs_section_30
     _PORTK                                      32       1       1       0   .abs_section_32
     _DDRK                                       33       1       1       0   .abs_section_33
     _SYNR                                       34       1       1       0   .abs_section_34
     _REFDV                                      35       1       1       0   .abs_section_35
     _CRGFLG                                     37       1       1       0   .abs_section_37
     _CRGINT                                     38       1       1       0   .abs_section_38
     _CLKSEL                                     39       1       1       0   .abs_section_39
     _PLLCTL                                     3A       1       1       0   .abs_section_3a
     _RTICTL                                     3B       1       1       0   .abs_section_3b
     _COPCTL                                     3C       1       1       0   .abs_section_3c
     _ARMCOP                                     3F       1       1       0   .abs_section_3f
     _TIM0_TIOS                                  40       1       1       0   .abs_section_40
     _TIM0_CFORC                                 41       1       1       0   .abs_section_41
     _TIM0_OC7M                                  42       1       1       0   .abs_section_42
     _TIM0_OC7D                                  43       1       1       0   .abs_section_43
     _TIM0_TSCR1                                 46       1       1       0   .abs_section_46
     _TIM0_TTOV                                  47       1       1       0   .abs_section_47
     _TIM0_TCTL1                                 48       1       1       0   .abs_section_48
     _TIM0_TCTL3                                 4A       1       1       0   .abs_section_4a
     _TIM0_TIE                                   4C       1       1       0   .abs_section_4c
     _TIM0_TSCR2                                 4D       1       1       0   .abs_section_4d
     _TIM0_TFLG1                                 4E       1       1       0   .abs_section_4e
     _TIM0_TFLG2                                 4F       1       1       0   .abs_section_4f
     _TIM0_PACTL                                 60       1       1       0   .abs_section_60
     _TIM0_PAFLG                                 61       1       1       0   .abs_section_61
     _ATDSTAT0                                   86       1       1       1   .abs_section_86
     _ATDTEST1                                   89       1       1       0   .abs_section_89
     _ATDSTAT2                                   8A       1       1       0   .abs_section_8a
     _ATDSTAT1                                   8B       1       1       0   .abs_section_8b
     _PORTAD0                                    8E       1       1       0   .abs_section_8e
     _PORTAD1                                    8F       1       1       0   .abs_section_8f
     _SCI0CR1                                    CA       1       1       0   .abs_section_ca
     _SCI0CR2                                    CB       1       1       0   .abs_section_cb
     _SCI0SR1                                    CC       1       1       0   .abs_section_cc
     _SCI0SR2                                    CD       1       1       0   .abs_section_cd
     _SCI0DRH                                    CE       1       1       0   .abs_section_ce
     _SCI0DRL                                    CF       1       1       0   .abs_section_cf
     _SCI1CR1                                    D2       1       1       0   .abs_section_d2
     _SCI1CR2                                    D3       1       1       0   .abs_section_d3
     _SCI1SR1                                    D4       1       1       0   .abs_section_d4
     _SCI1SR2                                    D5       1       1       0   .abs_section_d5
     _SCI1DRH                                    D6       1       1       0   .abs_section_d6
     _SCI1DRL                                    D7       1       1       0   .abs_section_d7
     _SPICR1                                     D8       1       1       0   .abs_section_d8
     _SPICR2                                     D9       1       1       0   .abs_section_d9
     _SPIBR                                      DA       1       1       0   .abs_section_da
     _SPISR                                      DB       1       1       0   .abs_section_db
     _SPIDR                                      DD       1       1       0   .abs_section_dd
     _IBAD                                       E0       1       1       0   .abs_section_e0
     _IBFD                                       E1       1       1       0   .abs_section_e1
     _IBCR                                       E2       1       1       0   .abs_section_e2
     _IBSR                                       E3       1       1       0   .abs_section_e3
     _IBDR                                       E4       1       1       0   .abs_section_e4
     _SCI2CR1                                    EA       1       1       0   .abs_section_ea
     _SCI2CR2                                    EB       1       1       0   .abs_section_eb
     _SCI2SR1                                    EC       1       1       0   .abs_section_ec
     _SCI2SR2                                    ED       1       1       0   .abs_section_ed
     _SCI2DRH                                    EE       1       1       0   .abs_section_ee
     _SCI2DRL                                    EF       1       1       0   .abs_section_ef
     _DAC0_DACC0                                 F0       1       1       0   .abs_section_f0
     _DAC0_DACDLeft                              F2       1       1       0   .abs_section_f2
     _DAC0_DACDRight                             F3       1       1       0   .abs_section_f3
     _DAC1_DACC0                                 F4       1       1       0   .abs_section_f4
     _DAC1_DACDLeft                              F6       1       1       0   .abs_section_f6
     _DAC1_DACDRight                             F7       1       1       0   .abs_section_f7
     _FCLKDIV                                   100       1       1       0   .abs_section_100
     _FSEC                                      101       1       1       0   .abs_section_101
     _FCNFG                                     103       1       1       0   .abs_section_103
     _FPROT                                     104       1       1       0   .abs_section_104
     _FSTAT                                     105       1       1       0   .abs_section_105
     _FCMD                                      106       1       1       0   .abs_section_106
     _TIM1_TIOS                                 140       1       1       0   .abs_section_140
     _TIM1_CFORC                                141       1       1       0   .abs_section_141
     _TIM1_OC7M                                 142       1       1       0   .abs_section_142
     _TIM1_OC7D                                 143       1       1       0   .abs_section_143
     _TIM1_TSCR1                                146       1       1       0   .abs_section_146
     _TIM1_TTOV                                 147       1       1       0   .abs_section_147
     _TIM1_TCTL1                                148       1       1       0   .abs_section_148
     _TIM1_TCTL3                                14A       1       1       0   .abs_section_14a
     _TIM1_TIE                                  14C       1       1       0   .abs_section_14c
     _TIM1_TSCR2                                14D       1       1       0   .abs_section_14d
     _TIM1_TFLG1                                14E       1       1       0   .abs_section_14e
     _TIM1_TFLG2                                14F       1       1       0   .abs_section_14f
     _TIM1_PACTL                                160       1       1       0   .abs_section_160
     _TIM1_PAFLG                                161       1       1       0   .abs_section_161
     _TIM2_TIOS                                 180       1       1       0   .abs_section_180
     _TIM2_CFORC                                181       1       1       0   .abs_section_181
     _TIM2_OC7M                                 182       1       1       0   .abs_section_182
     _TIM2_OC7D                                 183       1       1       0   .abs_section_183
     _TIM2_TSCR1                                186       1       1       0   .abs_section_186
     _TIM2_TTOV                                 187       1       1       0   .abs_section_187
     _TIM2_TCTL1                                188       1       1       0   .abs_section_188
     _TIM2_TCTL3                                18A       1       1       0   .abs_section_18a
     _TIM2_TIE                                  18C       1       1       0   .abs_section_18c
     _TIM2_TSCR2                                18D       1       1       0   .abs_section_18d
     _TIM2_TFLG1                                18E       1       1       0   .abs_section_18e
     _TIM2_TFLG2                                18F       1       1       0   .abs_section_18f
     _TIM2_PACTL                                1A0       1       1       0   .abs_section_1a0
     _TIM2_PAFLG                                1A1       1       1       0   .abs_section_1a1
     _PWME                                      1E0       1       1       0   .abs_section_1e0
     _PWMPOL                                    1E1       1       1       0   .abs_section_1e1
     _PWMCLK                                    1E2       1       1       0   .abs_section_1e2
     _PWMPRCLK                                  1E3       1       1       0   .abs_section_1e3
     _PWMCAE                                    1E4       1       1       0   .abs_section_1e4
     _PWMCTL                                    1E5       1       1       0   .abs_section_1e5
     _PWMSCLA                                   1E8       1       1       0   .abs_section_1e8
     _PWMSCLB                                   1E9       1       1       0   .abs_section_1e9
     _PWMSDN                                    1FE       1       1       0   .abs_section_1fe
     _PMFCFG0                                   200       1       1       0   .abs_section_200
     _PMFCFG1                                   201       1       1       0   .abs_section_201
     _PMFCFG2                                   202       1       1       0   .abs_section_202
     _PMFCFG3                                   203       1       1       0   .abs_section_203
     _PMFFCTL                                   204       1       1       0   .abs_section_204
     _PMFFPIN                                   205       1       1       0   .abs_section_205
     _PMFFSTA                                   206       1       1       0   .abs_section_206
     _PMFQSMP                                   207       1       1       0   .abs_section_207
     _PMFDMPA                                   208       1       1       0   .abs_section_208
     _PMFDMPB                                   209       1       1       0   .abs_section_209
     _PMFDMPC                                   20A       1       1       0   .abs_section_20a
     _PMFOUTC                                   20C       1       1       0   .abs_section_20c
     _PMFOUTB                                   20D       1       1       0   .abs_section_20d
     _PMFDTMS                                   20E       1       1       0   .abs_section_20e
     _PMFCCTL                                   20F       1       1       0   .abs_section_20f
     _PMFENCA                                   220       1       1       0   .abs_section_220
     _PMFFQCA                                   221       1       1       0   .abs_section_221
     _PMFENCB                                   228       1       1       0   .abs_section_228
     _PMFFQCB                                   229       1       1       0   .abs_section_229
     _PMFENCC                                   230       1       1       0   .abs_section_230
     _PMFFQCC                                   231       1       1       0   .abs_section_231
     _PTT                                       240       1       1       2   .abs_section_240
     _PTIT                                      241       1       1       0   .abs_section_241
     _DDRT                                      242       1       1       0   .abs_section_242
     _RDRT                                      243       1       1       0   .abs_section_243
     _PERT                                      244       1       1       0   .abs_section_244
     _PPST                                      245       1       1       0   .abs_section_245
     _PTS                                       248       1       1       0   .abs_section_248
     _PTIS                                      249       1       1       0   .abs_section_249
     _DDRS                                      24A       1       1       0   .abs_section_24a
     _RDRS                                      24B       1       1       0   .abs_section_24b
     _PERS                                      24C       1       1       0   .abs_section_24c
     _PPSS                                      24D       1       1       0   .abs_section_24d
     _WOMS                                      24E       1       1       0   .abs_section_24e
     _PTM                                       250       1       1       5   .abs_section_250
     _PTIM                                      251       1       1       0   .abs_section_251
     _DDRM                                      252       1       1       1   .abs_section_252
     _RDRM                                      253       1       1       0   .abs_section_253
     _PERM                                      254       1       1       0   .abs_section_254
     _PPSM                                      255       1       1       0   .abs_section_255
     _WOMM                                      256       1       1       0   .abs_section_256
     _PTP                                       258       1       1       0   .abs_section_258
     _PTIP                                      259       1       1       0   .abs_section_259
     _DDRP                                      25A       1       1       0   .abs_section_25a
     _RDRP                                      25B       1       1       0   .abs_section_25b
     _PERP                                      25C       1       1       0   .abs_section_25c
     _PPSP                                      25D       1       1       0   .abs_section_25d
     _PTQ                                       260       1       1       0   .abs_section_260
     _PTIQ                                      261       1       1       0   .abs_section_261
     _DDRQ                                      262       1       1       0   .abs_section_262
     _RDRQ                                      263       1       1       0   .abs_section_263
     _PERQ                                      264       1       1       0   .abs_section_264
     _PPSQ                                      265       1       1       0   .abs_section_265
     _PTU                                       268       1       1       0   .abs_section_268
     _PTIU                                      269       1       1       0   .abs_section_269
     _DDRU                                      26A       1       1       0   .abs_section_26a
     _RDRU                                      26B       1       1       0   .abs_section_26b
     _PERU                                      26C       1       1       0   .abs_section_26c
     _PPSU                                      26D       1       1       0   .abs_section_26d
     _MODRR                                     26E       1       1       0   .abs_section_26e
     _PORTAB                                      0       2       2       0   .abs_section_0
     _DDRAB                                       2       2       2       0   .abs_section_2
     _PARTID                                     1A       2       2       0   .abs_section_1a
     _DBGTB                                      22       2       2       0   .abs_section_22
     _DBGCC                                      26       2       2       0   .abs_section_26
     _DBGCA                                      2B       2       2       0   .abs_section_2b
     _DBGCB                                      2E       2       2       0   .abs_section_2e
     _TIM0_TCNT                                  44       2       2       0   .abs_section_44
     _TIM0_TC4                                   58       2       2       0   .abs_section_58
     _TIM0_TC5                                   5A       2       2       0   .abs_section_5a
     _TIM0_TC6                                   5C       2       2       0   .abs_section_5c
     _TIM0_TC7                                   5E       2       2       0   .abs_section_5e
     _TIM0_PACNT                                 62       2       2       0   .abs_section_62
     _ATDCTL23                                   82       2       2       1   .abs_section_82
     _ATDCTL45                                   84       2       2       1   .abs_section_84
     _ATDDIEN                                    8C       2       2       0   .abs_section_8c
     _ATDDR0                                     90       2       2       1   .abs_section_90
     _ATDDR1                                     92       2       2       0   .abs_section_92
     _ATDDR2                                     94       2       2       0   .abs_section_94
     _ATDDR3                                     96       2       2       0   .abs_section_96
     _ATDDR4                                     98       2       2       0   .abs_section_98
     _ATDDR5                                     9A       2       2       0   .abs_section_9a
     _ATDDR6                                     9C       2       2       0   .abs_section_9c
     _ATDDR7                                     9E       2       2       0   .abs_section_9e
     _ATDDR8                                     A0       2       2       0   .abs_section_a0
     _ATDDR9                                     A2       2       2       0   .abs_section_a2
     _ATDDR10                                    A4       2       2       0   .abs_section_a4
     _ATDDR11                                    A6       2       2       0   .abs_section_a6
     _ATDDR12                                    A8       2       2       0   .abs_section_a8
     _ATDDR13                                    AA       2       2       0   .abs_section_aa
     _ATDDR14                                    AC       2       2       0   .abs_section_ac
     _ATDDR15                                    AE       2       2       0   .abs_section_ae
     _SCI0BD                                     C8       2       2       0   .abs_section_c8
     _SCI1BD                                     D0       2       2       0   .abs_section_d0
     _SCI2BD                                     E8       2       2       0   .abs_section_e8
     _TIM1_TCNT                                 144       2       2       0   .abs_section_144
     _TIM1_TC4                                  158       2       2       0   .abs_section_158
     _TIM1_TC5                                  15A       2       2       0   .abs_section_15a
     _TIM1_TC6                                  15C       2       2       0   .abs_section_15c
     _TIM1_TC7                                  15E       2       2       0   .abs_section_15e
     _TIM1_PACNT                                162       2       2       0   .abs_section_162
     _TIM2_TCNT                                 184       2       2       0   .abs_section_184
     _TIM2_TC4                                  198       2       2       0   .abs_section_198
     _TIM2_TC5                                  19A       2       2       0   .abs_section_19a
     _TIM2_TC6                                  19C       2       2       0   .abs_section_19c
     _TIM2_TC7                                  19E       2       2       0   .abs_section_19e
     _TIM2_PACNT                                1A2       2       2       0   .abs_section_1a2
     _PWMCNT01                                  1EC       2       2       0   .abs_section_1ec
     _PWMCNT23                                  1EE       2       2       0   .abs_section_1ee
     _PWMCNT45                                  1F0       2       2       0   .abs_section_1f0
     _PWMPER01                                  1F2       2       2       0   .abs_section_1f2
     _PWMPER23                                  1F4       2       2       0   .abs_section_1f4
     _PWMPER45                                  1F6       2       2       0   .abs_section_1f6
     _PWMDTY01                                  1F8       2       2       0   .abs_section_1f8
     _PWMDTY23                                  1FA       2       2       0   .abs_section_1fa
     _PWMDTY45                                  1FC       2       2       0   .abs_section_1fc
     _PMFVAL0                                   210       2       2       0   .abs_section_210
     _PMFVAL1                                   212       2       2       0   .abs_section_212
     _PMFVAL2                                   214       2       2       0   .abs_section_214
     _PMFVAL3                                   216       2       2       0   .abs_section_216
     _PMFVAL4                                   218       2       2       0   .abs_section_218
     _PMFVAL5                                   21A       2       2       0   .abs_section_21a
     _PMFCNTA                                   222       2       2       0   .abs_section_222
     _PMFMODA                                   224       2       2       0   .abs_section_224
     _PMFDTMA                                   226       2       2       0   .abs_section_226
     _PMFCNTB                                   22A       2       2       0   .abs_section_22a
     _PMFMODB                                   22C       2       2       0   .abs_section_22c
     _PMFDTMB                                   22E       2       2       0   .abs_section_22e
     _PMFCNTC                                   232       2       2       0   .abs_section_232
     _PMFMODC                                   234       2       2       0   .abs_section_234
     _PMFDTMC                                   236       2       2       0   .abs_section_236
     _PTAD                                      270       2       2       4   .abs_section_270
     _PTIAD                                     272       2       2       0   .abs_section_272
     _DDRAD                                     274       2       2       1   .abs_section_274
     _RDRAD                                     276       2       2       0   .abs_section_276
     _PERAD                                     278       2       2       0   .abs_section_278
     _PPSAD                                     27A       2       2       0   .abs_section_27a
     _PIEAD                                     27C       2       2       0   .abs_section_27c
     _PIFAD                                     27E       2       2       0   .abs_section_27e
MODULE:                 -- potentiometer.c.o --
- PROCEDURES:
     read_pot                                  C181      18      24       5   NON_BANKED  
- VARIABLES:
     pot_value                                  5DD       2       2       6   .common     
MODULE:                 -- SendsChr.c.o --
- PROCEDURES:
     SendsChr                                  C199       8       8       5   NON_BANKED  
     PlayTone                                  C1A1      1A      26       1   NON_BANKED  
- VARIABLES:
     tone                                       502       2       2       2   .bss        
     tone_count                                 504       2       2       3   .bss        
MODULE:                 -- begin.asm.o --
- PROCEDURES:
     begin                                     C315     159     345       1   begin.asm._SEC000000
     Fill_suggest                              C46E       E      14       0   begin.asm._SEC000000
     FillCountArr                              C47C       9       9       0   begin.asm._SEC000000
     CountFilled                               C485      32      50       0   begin.asm._SEC000000
     maintLoop                                 C4B7       E      14       0   begin.asm._SEC000000
     mem1Loop                                  C4C5       E      14       0   begin.asm._SEC000000
     mem2Loop                                  C4D3       E      14       0   begin.asm._SEC000000
     mem3Loop                                  C4E1       E      14       0   begin.asm._SEC000000
     mem4Loop                                  C4EF       E      14       0   begin.asm._SEC000000
     pointsFill                                C4FD       D      13       0   begin.asm._SEC000000
- VARIABLES:
MODULE:                 -- Debounce.asm.o --
- PROCEDURES:
     Debounce                                  C50A       4       4       1   Debounce.asm._SEC000000
     Dbdelay                                   C50E       5       5       0   Debounce.asm._SEC000000
- VARIABLES:
MODULE:                 -- KEYPAD.asm.o --
- PROCEDURES:
     seq                                       C513       5       5       1   ROM         
     array                                     C518      11      17       1   ROM         
     KEYPAD                                    C529       6       6      23   ROM         
     NEXTROW                                   C52F      1F      31       0   ROM         
     CONT                                      C54E       7       7       0   ROM         
     NOINPUT                                   C555       2       2       0   ROM         
     UpdateKey                                 C557       7       7       0   ROM         
- VARIABLES:
     handle                                     5DF       1       1       3   RAM         
MODULE:                 -- MODE_SELECTION.asm.o --
- PROCEDURES:
     MODE_SELECTION                            C55E      18      24       2   MODE_SELECTION.asm._SEC000000
     MAINT_ALREADY                             C576       C      12       0   MODE_SELECTION.asm._SEC000000
     NOT_ALREADY                               C582      16      22       0   MODE_SELECTION.asm._SEC000000
     NOT_MAINT_ALREADY                         C598      11      17       0   MODE_SELECTION.asm._SEC000000
     EEMODE                                    C5A9       5       5       0   MODE_SELECTION.asm._SEC000000
     EXIT                                      C5AE       1       1       0   MODE_SELECTION.asm._SEC000000
- VARIABLES:
MODULE:                 -- ITEM_SELECT.asm.o --
- PROCEDURES:
     ITEM_SELECT                               C5AF      17      23       1   ITEM_SELECT.asm._SEC000000
     LOOP                                      C5C6      12      18       0   ITEM_SELECT.asm._SEC000000
     PUSH_BUTTON_SCREEN                        C5D8       6       6       0   ITEM_SELECT.asm._SEC000000
     PB_SCREEN_LOOP                            C5DE       7       7       0   ITEM_SELECT.asm._SEC000000
     CONTINUE                                  C5E5      19      25       0   ITEM_SELECT.asm._SEC000000
     more                                      C5FE      14      20       0   ITEM_SELECT.asm._SEC000000
     less                                      C612      10      16       0   ITEM_SELECT.asm._SEC000000
     NOT_ENOUGH                                C622       5       5       0   ITEM_SELECT.asm._SEC000000
     NEGATIVE                                  C627       5       5       0   ITEM_SELECT.asm._SEC000000
     verify_Selection                          C62C      11      17       0   ITEM_SELECT.asm._SEC000000
     OUT_OF_STOCK                              C63D       3       3       0   ITEM_SELECT.asm._SEC000000
     Return                                    C640      10      16       0   ITEM_SELECT.asm._SEC000000
- VARIABLES:
MODULE:                 -- MAKE_SUGGESTION.asm.o --
- PROCEDURES:
     Other                                     C650       F      15       1   local_variables
     MAKE_SUGGESTION                           C65F       D      13       1   local_variables
     RE_CHECK                                  C66C       8       8       0   local_variables
     START_OVER                                C674      19      25       0   local_variables
     OUTPUT                                    C68D      12      18       0   local_variables
     NAME_LOOP                                 C69F       B      11       0   local_variables
     CLEAR_LOOP                                C6AA      1E      30       0   local_variables
     OTHER                                     C6C8      14      20       0   local_variables
     HOLD                                      C6DC      13      19       0   local_variables
     FINISHED                                  C6EF       4       4       0   local_variables
     next_Value                                C6F3       9       9       0   local_variables
     not_Zero                                  C6FC       8       8       0   local_variables
     cont                                      C704       E      14       0   local_variables
     isZero                                    C712       9       9       0   local_variables
     sort                                      C71B      46      70       0   local_variables
     Donezo                                    C761       8       8       0   local_variables
     nextCount                                 C769      11      17       0   local_variables
     nextName                                  C77A       A      10       0   local_variables
- VARIABLES:
MODULE:                 -- COIN_RETRIEVAL.asm.o --
- PROCEDURES:
     WELCOME_TO                                C784      21      33       1   COIN_RETRIEVAL.asm._SEC000000
     INSTRUCTIONS                              C7A5      21      33       1   COIN_RETRIEVAL.asm._SEC000000
     GOOD_BYE                                  C7C6      21      33       1   COIN_RETRIEVAL.asm._SEC000000
     COINS_REMAINING                           C7E7      11      17       1   COIN_RETRIEVAL.asm._SEC000000
     COIN_RETRIEVAL                            C7F8      10      16       1   COIN_RETRIEVAL.asm._SEC000000
     WELCOME_TO_LOOP                           C808       D      13       0   COIN_RETRIEVAL.asm._SEC000000
     GetCoins                                  C815      12      18       0   COIN_RETRIEVAL.asm._SEC000000
     quit                                      C827      10      16       0   COIN_RETRIEVAL.asm._SEC000000
     GOODBYE_LOOP                              C837       8       8       0   COIN_RETRIEVAL.asm._SEC000000
     CollectCoin                               C83F      10      16       0   COIN_RETRIEVAL.asm._SEC000000
     DISPLAY_REMAINING_COIN                    C84F       8       8       1   COIN_RETRIEVAL.asm._SEC000000
     CONSTANT_LOOP                             C857      14      20       0   COIN_RETRIEVAL.asm._SEC000000
     MONEY_LOOP                                C86B       B      11       0   COIN_RETRIEVAL.asm._SEC000000
     CLEAR_LOOP                                C876      10      16       0   COIN_RETRIEVAL.asm._SEC000000
- VARIABLES:
MODULE:                 -- STEPPER_MOTOR_CLOCKWISE.asm.o --
- PROCEDURES:
     STEPPER_MOTOR_CLOCKWISE                   C886      55      85       1   STEPPER_MOTOR_CLOCKWISE.asm._SEC000000
     RETURN                                    C8DB       1       1       0   STEPPER_MOTOR_CLOCKWISE.asm._SEC000000
- VARIABLES:
MODULE:                 -- STEPPER_MOTOR_CCW.asm.o --
- PROCEDURES:
     STEPPER_MOTOR_CCW                         C8DC      44      68       1   STEPPER_MOTOR_CCW.asm._SEC000000
     RETURN                                    C920       1       1       0   STEPPER_MOTOR_CCW.asm._SEC000000
- VARIABLES:
MODULE:                 -- PUSH_BUTTON.asm.o --
- PROCEDURES:
     PUSH_BUTTON                               C921      2E      46       2   PUSH_BUTTON.asm._SEC000000
     DOUBLE_BUCKS                              C94F      2C      44       0   PUSH_BUTTON.asm._SEC000000
     FINISH                                    C97B       1       1       0   PUSH_BUTTON.asm._SEC000000
- VARIABLES:
MODULE:                 -- LCD_MAIN.asm.o --
- PROCEDURES:
     INSTRUCTION_MESSAGE                       C97C      1F      31       1   Local_values
     SUGGESTION_MESSAGE                        C99B      1F      31       1   Local_values
     LCD_MAIN                                  C9BA      31      49       1   Local_values
     LOOP                                      C9EB      14      20       0   Local_values
     INSTRUCT                                  C9FF       5       5       0   Local_values
     SUGGEST                                   CA04       3       3       0   Local_values
     OUTPUT                                    CA07       A      10       0   Local_values
- VARIABLES:
     Number                                     5E0       2       2       2   Local_storage
     Temp_string                                5E2      20      32       3   Local_storage
MODULE:                 -- USER_DIRECTORY.asm.o --
- PROCEDURES:
     USER_DIRECTORY                            CA11      15      21       1   USER_DIRECTORY.asm._SEC000000
     PUSH_BUTTON_SCREEN                        CA26       6       6       0   USER_DIRECTORY.asm._SEC000000
     PB_SCREEN_LOOP                            CA2C       C      12       0   USER_DIRECTORY.asm._SEC000000
[...]
notMember_Jump            USES notMember 
no_Pay_Jump_1             USES Insuff_Funds 
PURCHASE                  USES itemQuantity Purchase_price membershipFlag 
                                Purchase_memPrice memPointsArr userBank 
ReRead                    USES Use_points display_string KEYPAD Key 
cont_w_Points             USES LCD_YOUR_ORIGINAL FLAG_LCD_TIMEOUT 
ORIGINAL_LOOP             USES FLAG_LCD_TIMEOUT memPointsArr membershipFlag 
                                Purchase_price Purchase_memPrice LCD_YOUR_NEW_PRICE 
NEW_PRICE_LOOP            USES FLAG_LCD_TIMEOUT Whatta_deal display_string 
DEAL_LOOP                 USES FLAG_LCD_TIMEOUT memPointsArr membershipFlag 
finalize                  USES Press_E_to_buy display_string KEYPAD Key 
pay_W_Points              USES FLAG_SURP_SALE PAY_WITH_POINTS SUCCESS 
notMember                 USES userBank Purchase_price 
finalize_No_Pts           USES FLAG_LCD_FinalNoPts Press_E_to_buy 
                                display_string KEYPAD Key 
pay_No_Pts                USES FLAG_SURP_SALE FLAG_LCD_FinalNoPts userBank 
                                Purchase_price vendorBank itemCountArr itemArrIndex 
                                itemQuantity Stepper_motor_flag_clockwise FLAG_DC_MOTOR 
Insuff_Funds              USES FLAG_LCD_TIMEOUT Insuff_funds display_string 
Insuff_loop               USES FLAG_LCD_TIMEOUT 
cancelPurchase            USES Cancelled display_string FLAG_LCD_TIMEOUT 
CANCEL_LOOP               USES FLAG_LCD_TIMEOUT 
SUCCESS                   USES itemQuantity LCD_purch_output_max 
                                FLAG_LCD_PurchSuccess 
SUCCESS_SCREEN_LOOP       USES LCD_PURCHASE_SUCCESS FLAG_LCD_PurchSuccess 
                                PLAY_FLAG PLAY_A_SONG PURCHASE_POT FLAG_LCD_TIMEOUT 
                                Enjoy display_string 
ENJOY_IT_LOOP             USES FLAG_LCD_TIMEOUT CHECK_CHANGE Surp_screen 
CLEAR_SURP_SALE           USES FLAG_SURP_SALE Surp_screen 
GO_BACK                   USES itemArrIndex suggestionArr 
CHECK_CHANGE              USES userBank LCD_Clear Your_change display_string 
                                FLAG_LCD_TIMEOUT 
HERE_YOU_GO               USES FLAG_LCD_TIMEOUT 
SHOW_ON_SCREEN            USES Stepper_motor_flag_ccw userBank MONEY_CONVERT 
                                MONEY_RESULT LCD_empty_string 
CLEAR_OUT_LOOP            USES FLAG_LCD_TIMEOUT LCD_empty_string 
                                display_string 
HOLD_LOOP                 USES FLAG_LCD_TIMEOUT userBank 
                                Stepper_motor_flag_ccw Stepper_motor_flag_clockwise 
LCD_PUSH_BUTTON           USES Message LCD_empty_string 
PB_LCD_LOOP2              USES userBank MONEY_CONVERT MONEY_RESULT 
PB_LCD_LOOP4              USES LCD_empty_string display_string 
LCD_MAKE_SUGGESTION       USES FLAG_LCD_TIMEOUT Message display_string 
SCREEN_LOOP               USES FLAG_LCD_TIMEOUT 
ReadPassword              USES masterPass Flag_maint_pass Password_index 
                                First_digit display_string 
READ                      USES KEYPAD Key masterPass Password_index 
Val2                      USES Password_index Digit_received display_string 
                                FLAG_LCD_TIMEOUT 
FIRST_DIGIT_LOOP          USES FLAG_LCD_TIMEOUT Second_digit display_string 
READ2                     USES KEYPAD Key masterPass Password_index 
Val3                      USES Password_index Digit_received display_string 
                                FLAG_LCD_TIMEOUT 
SECOND_DIGIT_LOOP         USES FLAG_LCD_TIMEOUT Third_digit display_string 
READ3                     USES KEYPAD Key masterPass Password_index 
Val4                      USES Password_index Digit_received display_string 
                                FLAG_LCD_TIMEOUT 
THIRD_DIGIT_LOOP          USES FLAG_LCD_TIMEOUT Fourth_digit display_string 
READ4                     USES KEYPAD Key masterPass Password_index 
COMPARES                  USES Digit_received display_string FLAG_LCD_TIMEOUT 
FOURTH_DIGIT_LOOP         USES FLAG_LCD_TIMEOUT mode_flag masterPass maintPass 
maintWrong                USES Flag_maint_pass 
maintCorrect              USES Flag_maint_pass 
LCD_MAINT_MODE_CONFIRM    USES LCD_maint_index Flag_maint_pass 
WELCOME                   USES Welcome 
PLEASE                    USES Please_password 
BAD_PASS                  USES mode_flag Incorrect 
GOOD_PASS                 USES LCD_maint_index 
SUCCESS                   USES Success 
PRESS_C                   USES Press_c 
PRESS_D                   USES Press_d 
PRESS_E                   USES Press_e 
RESET_FLAG                USES FLAG_LCD_Maint 
OUTPUT                    USES display_string 
IRQ_INT                   USES masterPass LCD_Clear Enter display_string 
                                FLAG_LCD_TIMEOUT 
SCREEN_1_LOOP             USES FLAG_LCD_TIMEOUT Prepare display_string 
SCREEN_2_LOOP             USES FLAG_LCD_TIMEOUT First_digit display_string 
                                masterPass Password_index 
READ                      USES KEYPAD Key masterPass Password_index 
Val2                      USES Password_index FLAG_LCD_TIMEOUT Digit_received 
                                display_string 
DIGIT_LOOP_1              USES FLAG_LCD_TIMEOUT Second_digit display_string 
READ2                     USES KEYPAD Key masterPass Password_index 
Val3                      USES Password_index FLAG_LCD_TIMEOUT Digit_received 
                                display_string 
DIGIT_LOOP_2              USES FLAG_LCD_TIMEOUT Third_digit display_string 
READ3                     USES KEYPAD Key masterPass Password_index 
Val4                      USES Password_index FLAG_LCD_TIMEOUT Digit_received 
                                display_string 
DIGIT_LOOP_3              USES FLAG_LCD_TIMEOUT Fourth_digit display_string 
READ4                     USES KEYPAD Key masterPass Password_index 
members                   USES memPass1 masterPass 
tryMemPass2               USES memPass2 masterPass 
tryMemPass3               USES memPass3 masterPass 
tryMemPass4               USES memPass4 masterPass 
pass1                     USES membershipFlag 
pass2                     USES membershipFlag 
pass3                     USES membershipFlag 
pass4                     USES membershipFlag 
notPass                   USES membershipFlag 
DONE                      USES FLAG_LCD_TIMEOUT Digit_received display_string 
DIGIT_LOOP_4              USES FLAG_LCD_TIMEOUT membershipFlag 
NOT_MEMBER                USES No_member display_string FLAG_LCD_TIMEOUT 
MEMBER                    USES Thanks display_string FLAG_LCD_TIMEOUT 
                                SHOW_POINTS 
SHOW_POINTS_LOOP          USES FLAG_LCD_TIMEOUT At_checkout display_string 
CHECKOUT_LOOP             USES FLAG_LCD_TIMEOUT 
QUIT                      USES LCD_output_index 
SHOW_POINTS               USES You_have LCD_empty_string 
YOU_HAVE_LOOP             USES memPointsArr membershipFlag ASCII_CONV 
                                ASCII_RESULT 
CLEAR_FIRST_LINE          USES Points 
POINTS_LOOP               USES LCD_empty_string display_string 
LCD_YOUR_ORIGINAL         USES Original LCD_empty_string 
Text_loop                 USES Purchase_price MONEY_CONVERT MONEY_RESULT 
Blank_loop                USES LCD_empty_string display_string 
LCD_YOUR_NEW_PRICE        USES After_points LCD_empty_string 
Text_loop                 USES Purchase_memPrice MONEY_CONVERT MONEY_RESULT 
Blank_loop                USES LCD_empty_string display_string 
LED_TIMER_CONTROL         USES mode_flag SLEEP_FLAG 
SKIP_TURN_OFF             USES FLAG_LCD_PurchSuccess FLAG_SURP_SALE POT_LED 
                                EE_HAS_BEEN 
INC_COUNTER               USES LED_COUNTER mode_flag 
FASTER                    USES LED_CONTROL LED_COUNTER 
SLOWER                    USES EE_HAS_BEEN LED_CONTROL 
SKIP_IT                   USES LED_COUNTER 
INCREM                    USES LED_INDEX 
LED_CONTROL               USES Pattern LED_INDEX 
LCD_ITEM_SELECT           USES LCD_item_select_output_counter 
INSTRUCTIONS1             USES First_instructions OUTPUT 
INSTRUCTIONS2             USES Second_instructions OUTPUT 
INSTRUCTIONS3             USES Third_instructions OUTPUT 
REMAINING                 USES itemCountArr itemArrIndex ASCII_CONV 
                                LCD_empty_string ASCII_RESULT itemNameArr 
REMAINING_LOOP1           USES Remains 
REMAINING_LOOP2           USES LCD_empty_string 
MAIN_OUTPUT               USES itemNameArr itemArrIndex LCD_empty_string 
LOOP1                     USES Quant 
LOOP2                     USES itemQuantity ASCII_CONV ASCII_RESULT 
                                LCD_empty_string 
OUTPUT                    USES display_string 
LCD_Clear                 USES Empty_string display_string 
LCD_NO_NEG_ITEMS          USES Message display_string 
LCD_NOT_ENOUGH            USES Message display_string 
RTI_INT                   USES SLEEP_TIMER SURP_SALE STEPPER_MOTOR_CLOCKWISE 
                                STEPPER_MOTOR_CCW SPEAKER_SOUNDS LED_TIMER_CONTROL DC_MOTOR 
                                LCD_MAIN_COUNTS LCD_MAINT_MODE_COUNTS LCD_ITEM_SELECT_COUNTS 
                                LCD_INSUFF_FUNDS_COUNTS LCD_timeout_counts LCD_PURCHASE_SUCCESS_COUNTS 
LCD_MAIN_COUNTS           USES FLAG_LCD_Main LCD_rotate_counter 
                                LCD_output_index 
LCD_ITEM_SELECT_COUNTS    USES FLAG_LCD_ITEM_SELECT LCD_rotate_counter 
                                LCD_item_select_output_counter 
ALMOST_DONE               USES LCD_item_select_output_counter 
ASCII_CONV                USES ASCII_RESULT 
LCD_timeout_counts        USES FLAG_LCD_TIMEOUT LCD_timeout_counter 
NOT_ENOUGH_STOCK          USES FLAG_LCD_ITEM_SELECT FLAG_LCD_TIMEOUT 
NOT_ENOUGH_LOOP           USES LCD_NOT_ENOUGH FLAG_LCD_TIMEOUT LCD_Clear 
                                FLAG_LCD_ITEM_SELECT LCD_item_select_output_counter 
NEGATIVE_STOCK            USES FLAG_LCD_ITEM_SELECT FLAG_LCD_TIMEOUT 
NEG_ITEM_LOOP             USES LCD_NO_NEG_ITEMS FLAG_LCD_TIMEOUT LCD_Clear 
                                FLAG_LCD_ITEM_SELECT LCD_item_select_output_counter 
LCD_OUT_OF_STOCK          USES FLAG_LCD_ITEM_SELECT FLAG_LCD_TIMEOUT 
OUT_OF_STOCK_LOOP         USES Message display_string FLAG_LCD_TIMEOUT 
                                LCD_Clear 
LCD_INSUFF_FUNDS_COUNTS   USES FLAG_LCD_InsuffFunds LCD_rotate_counter 
                                LCD_insuff_output_index 
ALMOST                    USES LCD_insuff_output_index 
MONEY_CONVERT             USES ASCII_CONV ASCII_RESULT MONEY_RESULT 
NO_CHANGE                 USES MONEY_RESULT 
TWENTY_FIVE               USES MONEY_RESULT 
FIFTY                     USES MONEY_RESULT 
SEVENTY_FIVE              USES MONEY_RESULT 
FINISH                    USES MONEY_RESULT 
LCD_PURCHASE_SUCCESS_COUNTS USES FLAG_LCD_PurchSuccess LCD_rotate_counter 
                                LCD_purch_output_index LCD_purch_output_max 
ALMOST                    USES LCD_purch_output_index 
CLEAR_FLAG                USES FLAG_LCD_PurchSuccess 
LCD_PURCHASE_SUCCESS      USES LCD_purch_output_index LCD_purch_output_max 
ENJOY                     USES ENJOY_YOUR_PURCHASE 
THANKS_FOR_PURCHASE       USES Thanks_message OUTPUT 
NOW_DISPENSING            USES Now_disp_message OUTPUT 
DISPENSING_ANIMATION      USES itemCountArr itemArrIndex itemQuantity 
                                LCD_purch_output_index 
SIXTEEN                   USES Sixteen 
FIFTEEN                   USES Fifteen 
FOURTEEN                  USES Fourteen 
THIRTEEN                  USES Thirteen 
TWELVE                    USES Twelve 
ELEVEN                    USES Eleven 
ZERO                      USES Zero 
ONE                       USES One 
TWO                       USES Two 
THREE                     USES Three 
FOUR                      USES Four 
FIVE                      USES Five 
SIX                       USES Six 
SEVEN                     USES Seven 
EIGHT                     USES Eight 
NINE                      USES Nine 
TEN                       USES Ten 
ENJOY_YOUR_PURCHASE       USES Enjoy_message 
OUTPUT                    USES display_string 
SPEAKER_SOUNDS            USES PLAY_FLAG 
PLAY                      USES PlayTone SPEAKER_TIMER SPEAKER_INDEX 
CLEAR                     USES SPEAKER_INDEX SPEAKER_TIMER 
LCD_MAINT_MODE_COUNTS     USES mode_flag FLAG_LCD_Maint LCD_rotate_counter 
                                LCD_maint_index Flag_maint_pass 
CORRECT_PASS              USES LCD_maint_index FLAG_LCD_Maint 
INCORRECT_PASS            USES mode_flag FLAG_LCD_Maint LCD_maint_index 
CHECK_PASSWORD            USES Flag_maint_pass 
ALMOST                    USES LCD_maint_index 
INCREMENT                 USES LCD_maint_index 
PLAY_A_SONG               USES PLAY_FLAG ALMOST 
CHOOSE_SONG               USES Button_flag SONG_INDEX 
CLINK_JUMP                USES CLINK 
LOW_RIDER_JUMP            USES LOW_RIDER 
STARMAN_JUMP              USES STARMAN 
HOTLINE_JUMP              USES HOTLINE 
NATIONAL_JUMP             USES NATIONAL_A 
ALMOST                    USES NOTE_INDEX 
DONE                      USES PLAY_FLAG NOTE_INDEX 
LOW_RIDER                 USES NOTE_INDEX Low_rider_notes SendsChr 
WAIT_LOW                  USES NOTE_INDEX Low_rider_beats SPEAKER_INDEX 
STARMAN                   USES NOTE_INDEX Starman_notes SendsChr 
WAIT_STAR                 USES NOTE_INDEX Starman_beats SPEAKER_INDEX 
HOTLINE                   USES NOTE_INDEX Hotline_notes SendsChr 
WAIT_HOT                  USES NOTE_INDEX Hotline_beats SPEAKER_INDEX 
NATIONAL_A                USES NOTE_INDEX National_notes SendsChr 
WAIT_NATIONAL             USES NOTE_INDEX National_beats SPEAKER_INDEX 
CLINK                     USES NOTE_INDEX Clink_notes SendsChr 
WAIT_CLINK                USES NOTE_INDEX Clink_beats SPEAKER_INDEX 
RESTOCK_PROCESS           USES Welcome display_string FLAG_LCD_TIMEOUT 
FIRST_SCREEN_LOOP         USES FLAG_LCD_TIMEOUT Press_item display_string 
SECOND_SCREEN_LOOP        USES FLAG_LCD_TIMEOUT 
HOLD_LOOP                 USES KEYPAD Key 
CANCELLED                 USES Cancelled_res display_string FLAG_LCD_TIMEOUT 
CANCEL_SCREEN             USES FLAG_LCD_TIMEOUT QUIT 
KEEP_HOLD_LOOP            USES Key ITEM_TO_RESTOCK 
CONFIRM                   USES KEYPAD Key 
ACTUAL_RESTOCK            USES itemCountArr ITEM_TO_RESTOCK 
                                LCD_WHAT_ITEM_TO_RESTOCK Use_pot display_string FLAG_LCD_TIMEOUT 
USE_POT_HANG              USES FLAG_LCD_TIMEOUT DISPLAY_RESTOCKING 
                                CALCULATE_INCREMENT 
READING_POT               USES read_pot pot_value POT_INCREMENT itemCountArr 
                                ITEM_TO_RESTOCK DISPLAY_RESTOCKING 
MAX_STOCK                 USES Max_stock_r display_string FLAG_LCD_TIMEOUT 
WE_DID_IT                 USES FLAG_LCD_TIMEOUT Good_job display_string 
YOU_A_CHAMP               USES FLAG_LCD_TIMEOUT 
ALREADY_FULL              USES Already display_string FLAG_LCD_TIMEOUT 
ALREADY_FULL_LOOP         USES FLAG_LCD_TIMEOUT 
LCD_WHAT_ITEM_TO_RESTOCK  USES Now_restocking LCD_empty_string 
CONSTANT_STRING_LOOP      USES ITEM_TO_RESTOCK itemNameArr LCD_empty_string 
ITEM_NAME_LOOP            USES LCD_empty_string display_string 
                                FLAG_LCD_TIMEOUT 
RESTOCKING_NAME           USES FLAG_LCD_TIMEOUT 
CALCULATE_INCREMENT       USES itemCountArr ITEM_TO_RESTOCK POT_MAX 
                                POT_INCREMENT 
DISPLAY_RESTOCKING        USES ITEM_TO_RESTOCK itemCountArr ASCII_CONV 
                                ASCII_RESULT LCD_empty_string 
UPDATED_STOCK_DISP        USES ASCII_CONV ASCII_RESULT 
CLEAR_THE_REST            USES LCD_empty_string display_string 
LCD_SURPRISE_SALE         USES FLAG_SURP_SALE Surp_screen OH_BOY 
                                display_string FLAG_LCD_TIMEOUT PLAY_A_SONG 
MESSAGE_1                 USES FLAG_LCD_TIMEOUT DOUBLE_CASH display_string 
MESSAGE_2                 USES FLAG_LCD_TIMEOUT NEXT_PURCH display_string 
MESSAGE_3                 USES FLAG_LCD_TIMEOUT Surp_screen 
CHANGE_SONG               USES CHANGE display_string FLAG_LCD_TIMEOUT 
CHANGE_LOOP               USES FLAG_LCD_TIMEOUT INSTRUCTIONS display_string 
INSTRUCT_LOOP             USES FLAG_LCD_TIMEOUT 
PAGE_1                    USES LOW_RIDER_TEXT display_string KEYPAD Key 
PAGE_1_SELECTED           USES SONG_INDEX CONFIRMATION 
PAGE_2                    USES STARMAN_TEXT display_string KEYPAD Key 
PAGE_2_SELECTED           USES SONG_INDEX CONFIRMATION 
PAGE_3                    USES HLB_TEXT display_string KEYPAD Key 
PAGE_3_SELECTED           USES SONG_INDEX CONFIRMATION 
PAGE_4                    USES NATIONAL display_string KEYPAD Key 
PAGE_4_SELECTED           USES SONG_INDEX CONFIRMATION 
CONFIRMATION              USES CONFIRMED display_string FLAG_LCD_TIMEOUT 
CONFIRMATION_LOOP         USES FLAG_LCD_TIMEOUT 
PAY_WITH_POINTS           USES userBank Purchase_memPrice vendorBank 
                                memPointsArr membershipFlag itemCountArr itemArrIndex 
                                itemQuantity FLAG_DC_MOTOR 
PURCHASE_POT              USES POT_LED read_pot pot_value POT_MAX 
LOOP_2                    USES read_pot pot_value POT_MIN POT_LED 
RESET                     USES DC_Run_Time FLAG_DC_MOTOR 
RestartDuty               USES DC_COUNTER 
DC_MOTOR                  USES FLAG_DC_MOTOR DC_COUNTER DC_Run_Time mode_flag 
                                DC_Run_Time_MAX DC_100_On 
off100                    USES DC_100_Off 
EE_Mode                   USES DC_Run_Time DC_Run_Time_MAX DC_COUNTER DC_30_On 
off30                     USES DC_30_Off 
SLEEP_TIMER               USES mode_flag SLEEP_FLAG SLEEP_INNER_COUNTER 
                                SLEEP_OUTER_COUNTER 
ALMOST                    USES SLEEP_INNER_COUNTER SLEEP_OUTER_COUNTER 
SURP_SALE                 USES FLAG_SURP_SALE SURP_SALE_SECOND 
                                SURP_SALE_MINUTE Surp_screen PLAY_FLAG 
POT_CALIBRATION           USES Calibrating display_string FLAG_LCD_TIMEOUT 
CAL_LOOP                  USES FLAG_LCD_TIMEOUT Spin_to_max display_string 
MAX_LOOP                  USES KEYPAD Key read_pot pot_value POT_MAX 
                                Spin_to_min display_string 
MIN_LOOP                  USES KEYPAD Key read_pot pot_value POT_MIN Good 
                                display_string FLAG_LCD_TIMEOUT 
TIMEOUT_LOOP              USES FLAG_LCD_TIMEOUT LCD_output_index 

*********************************************************************************************
DEPENDENCY TREE
*********************************************************************************************
 IRQ_INT             
 | 
 +- LCD_Clear           
 |  | 
 |  +- Empty_string        
 |  |    
 |  +- display_string      
 |     | 
 |     +- sendCommand         
 |     |  | 
 |     |  +- epulse              
 |     |     | 
 |     |     +- delay_ms            
 |     |          
 |     +- epulse               (see above)
 |        
 +- Enter               
 |    
 +- display_string       (see above)
    
 RTI_INT             
 | 
 +- SLEEP_TIMER         
 |    
 +- SURP_SALE           
 |    
 +- STEPPER_MOTOR_CLOCKWISE
 |    
 +- STEPPER_MOTOR_CCW   
 |    
 +- SPEAKER_SOUNDS      
 |    
 +- LED_TIMER_CONTROL   
 |    
 +- DC_MOTOR            
 |    
 +- LCD_MAIN_COUNTS     
 |    
 +- LCD_MAINT_MODE_COUNTS
 |    
 +- LCD_ITEM_SELECT_COUNTS
 |    
 +- LCD_INSUFF_FUNDS_COUNTS
 |    
 +- LCD_timeout_counts  
 |    
 +- LCD_PURCHASE_SUCCESS_COUNTS
      
*********************************************************************************************
STATISTIC SECTION
---------------------------------------------------------------------------------------------

ExeFile:
--------
Number of blocks to be downloaded: 35
Total size of all blocks to be downloaded: 10035

